// Jest Snapshot v1, https://goo.gl/fbAQLP

exports[`Field renders properly 1`] = `
<styled.div>
  <styled.div>
    <div>
      <h2>
        GAME OVER!
      </h2>
      <h3>
        score
      </h3>
      <h1>
        0
      </h1>
    </div>
  </styled.div>
  <Mole
    active={false}
    bomb={false}
    hidingTime={55}
    index={0}
    key="0"
    onMoleClick={[Function]}
  />
  <Mole
    active={false}
    bomb={false}
    hidingTime={55}
    index={1}
    key="1"
    onMoleClick={[Function]}
  />
  <Mole
    active={false}
    bomb={false}
    hidingTime={55}
    index={2}
    key="2"
    onMoleClick={[Function]}
  />
  <Mole
    active={false}
    bomb={false}
    hidingTime={55}
    index={3}
    key="3"
    onMoleClick={[Function]}
  />
  <Mole
    active={false}
    bomb={false}
    hidingTime={55}
    index={4}
    key="4"
    onMoleClick={[Function]}
  />
  <Mole
    active={false}
    bomb={false}
    hidingTime={55}
    index={5}
    key="5"
    onMoleClick={[Function]}
  />
  <Mole
    active={false}
    bomb={false}
    hidingTime={55}
    index={6}
    key="6"
    onMoleClick={[Function]}
  />
  <Mole
    active={false}
    bomb={false}
    hidingTime={55}
    index={7}
    key="7"
    onMoleClick={[Function]}
  />
  <Mole
    active={false}
    bomb={false}
    hidingTime={55}
    index={8}
    key="8"
    onMoleClick={[Function]}
  />
  <Mole
    active={false}
    bomb={false}
    hidingTime={55}
    index={9}
    key="9"
    onMoleClick={[Function]}
  />
  <Mole
    active={false}
    bomb={false}
    hidingTime={55}
    index={10}
    key="10"
    onMoleClick={[Function]}
  />
  <Mole
    active={false}
    bomb={false}
    hidingTime={55}
    index={11}
    key="11"
    onMoleClick={[Function]}
  />
  <Mole
    active={false}
    bomb={false}
    hidingTime={55}
    index={12}
    key="12"
    onMoleClick={[Function]}
  />
  <Mole
    active={false}
    bomb={false}
    hidingTime={55}
    index={13}
    key="13"
    onMoleClick={[Function]}
  />
  <Mole
    active={false}
    bomb={false}
    hidingTime={55}
    index={14}
    key="14"
    onMoleClick={[Function]}
  />
  <Mole
    active={false}
    bomb={false}
    hidingTime={55}
    index={15}
    key="15"
    onMoleClick={[Function]}
  />
</styled.div>
`;
